  autofit.c
  ftbase.c
  ftbbox.c
  ftbdf.c
  ftbitmap.c
  ftcid.c
  ftfstype.c
  ftgasp.c
  ftglyph.c
  ftgxval.c
  ftinit.c
  ftmm.c
  ftotval.c
  ftpatent.c
  ftpfr.c
  ftstroke.c
  ftsynth.c
  fttype1.c
  ftwinfnt.c
  bdf.c
  ftcache.c
  cff.c
  type1cid.c
  dlgwrap.c
  ftgzip.c
  ftlzw.c
  pcf.c
  pfr.c
  psaux.c
  pshinter.c
  psmodule.c
  raster.c
  sfnt.c
  smooth.c
  sdf.c
  svg.c
C:\dev\FlapiLib\FlapiLib\vendor\freetype\src\sfnt\sfdriver.c(1036,36): warning C4244: "funkcja": konwersja z "__int64" do "const unsigned int", możliwa utrata danych
  (kompilowanie pliku źródłowego „../../../src/sfnt/sfnt.c”)
  
  truetype.c
  type1.c
  type42.c
  winfnt.c
C:\dev\FlapiLib\FlapiLib\vendor\freetype\src\type1\t1load.c(1780,64): warning C4244: "=": konwersja z "__int64" do "FT_Int", możliwa utrata danych
  (kompilowanie pliku źródłowego „../../../src/type1/type1.c”)
  
C:\dev\FlapiLib\FlapiLib\vendor\freetype\src\type1\t1load.c(1953,36): warning C4244: "=": konwersja z "__int64" do "FT_Int", możliwa utrata danych
  (kompilowanie pliku źródłowego „../../../src/type1/type1.c”)
  
C:\dev\FlapiLib\FlapiLib\vendor\freetype\src\type42\t42parse.c(878,62): warning C4244: "=": konwersja z "__int64" do "FT_Int", możliwa utrata danych
  (kompilowanie pliku źródłowego „../../../src/type42/type42.c”)
  
  ftdebug.c
  ftsystem.c
     Trwa tworzenie biblioteki ..\..\..\objs\x64\Debug\freetype.lib i obiektu ..\..\..\objs\x64\Debug\freetype.exp
  freetype.vcxproj -> C:\dev\FlapiLib\FlapiLib\vendor\freetype\objs\x64\Debug\freetype.dll
